[0] = 864713592
712956483
395482176
237891645
459267318
681345927
928534761
143678259
576129834
