[0] = 942875613
678123594
513649278
135987462
487562139
269431857
751298346
894356721
326714985
