[0] = 123456789
456789123
798213654
219374865
645928317
837561492
382697541
571842936
964135278
