123974856
456813972
789652413
5........
8........
6........
9........
2........
3........