123974...
456813...
789652...
.........
.........
.........
.........
.........
.........