123974856
456813972
789652413
.........
.........
.........
.........
.........
.........