96b..g.8..415..3
8.....c..f2..76a
5....6138.7..gb.
..1..d2.5..9.84.
.5.f...a.6...1..
..9ge4..fc....5.
a2.....17.8b3..f
e...2.6.3....4c7
cg48.3..a.e...1.
..5.8...b...2..d
.b.2.7..4d.cg...
d....a..1..87b..
b..d..8..5.4c.32
6..4...g9.b..a8.
2..1.c.6d.fg.9.b
f.3.a.d9..c24...