6...5.3.1
4597.....
.1..9.4..
.......6.
...849...
.7.......
..3.7..1.
.....5637
7.1.2...8